// Jest Snapshot v1, https://goo.gl/fbAQLP

exports[`NewsArticle should match the snapshot 1`] = `
<article
  key="3"
>
  <h2>
    crazy news
  </h2>
  <img
    src="aPicture"
  />
  <p>
    something crazy
  </p>
  <a
    href="www.hi.com"
  >
    Click for full article
  </a>
</article>
`;
