// Jest Snapshot v1, https://goo.gl/fbAQLP

exports[`SearchForm should match the snapshot 1`] = `
<form>
  <button
    onClick={[Function]}
  >
    Search Here
  </button>
  <input
    onChange={[Function]}
    onKeyPress={[Function]}
    placeholder="Enter you search here"
    type="text"
    value=""
  />
</form>
`;
